сервер ответил в 13:31:12, стартую слепую руку
SLF4J(W): Class path contains multiple SLF4J providers.
SLF4J(W): Found provider [org.slf4j.nop.NOPServiceProvider@35dab4eb]
SLF4J(W): Found provider [ch.qos.logback.classic.spi.LogbackServiceProvider@2d901eb0]
SLF4J(W): See https://www.slf4j.org/codes.html#multiple_bindings for an explanation.
SLF4J(I): Actual provider is of type [org.slf4j.nop.NOPServiceProvider@35dab4eb]
Sep 06, 2026 1:31:13 PM club.podlodka.snowball.application.ScenarioGenerationService generate
INFO: generation cycle started split=benchmark
Sep 06, 2026 1:31:38 PM club.podlodka.snowball.application.PromotionEvaluator evaluate
INFO: evaluated scenario_id=SCN-20111021-LONDON_CENTRAL-BEER6 regret=0.00 learning=disabled
Sep 06, 2026 1:31:38 PM club.podlodka.snowball.application.SimulationService simulate
INFO: simulated scenario_id=SCN-20111021-LONDON_CENTRAL-BEER6 decision_id=DEC-SCN-20111021-LONDON_CENTRAL-BEER6 outcome_id=OUT-DEC-SCN-20111021-LONDON_CENTRAL-BEER6 discount=0 units=14 profit=18.62
Sep 06, 2026 1:31:38 PM club.podlodka.snowball.application.PromotionDecisionService decide
INFO: scenario_id=SCN-20111021-LONDON_CENTRAL-BEER6 decision_id=DEC-SCN-20111021-LONDON_CENTRAL-BEER6 discount=0 source=MODEL memory=USED lessons=[sku:BEER6|store:any|weekday|normal|event:any|stock:normal, category:beer|store:any|weekday|normal|event:any|stock:normal] model=muse-glimmer-30b-q3
Sep 06, 2026 1:31:41 PM club.podlodka.snowball.application.PromotionEvaluator evaluate
INFO: evaluated scenario_id=SCN-20111022-LONDON_CENTRAL-CHIPS1 regret=0.00 learning=disabled
Sep 06, 2026 1:31:41 PM club.podlodka.snowball.application.SimulationService simulate
INFO: simulated scenario_id=SCN-20111022-LONDON_CENTRAL-CHIPS1 decision_id=DEC-SCN-20111022-LONDON_CENTRAL-CHIPS1 outcome_id=OUT-DEC-SCN-20111022-LONDON_CENTRAL-CHIPS1 discount=10 units=27 profit=45.63
Sep 06, 2026 1:31:41 PM club.podlodka.snowball.application.PromotionDecisionService decide
INFO: scenario_id=SCN-20111022-LONDON_CENTRAL-CHIPS1 decision_id=DEC-SCN-20111022-LONDON_CENTRAL-CHIPS1 discount=10 source=MODEL memory=USED lessons=[sku:CHIPS1|store:any|weekend|any|event:any|stock:normal, category:chips|store:any|weekend|any|event:any|stock:normal] model=muse-glimmer-30b-q3
Sep 06, 2026 1:31:44 PM club.podlodka.snowball.application.PromotionEvaluator evaluate
INFO: evaluated scenario_id=SCN-20111023-LONDON_CENTRAL-MEAT1 regret=0.00 learning=disabled
Sep 06, 2026 1:31:44 PM club.podlodka.snowball.application.SimulationService simulate
INFO: simulated scenario_id=SCN-20111023-LONDON_CENTRAL-MEAT1 decision_id=DEC-SCN-20111023-LONDON_CENTRAL-MEAT1 outcome_id=OUT-DEC-SCN-20111023-LONDON_CENTRAL-MEAT1 discount=0 units=11 profit=9.57
Sep 06, 2026 1:31:44 PM club.podlodka.snowball.application.PromotionDecisionService decide
INFO: scenario_id=SCN-20111023-LONDON_CENTRAL-MEAT1 decision_id=DEC-SCN-20111023-LONDON_CENTRAL-MEAT1 discount=0 source=MODEL memory=USED lessons=[sku:MEAT1|store:any|weekend|any|event:any|stock:normal, category:meat|store:any|weekend|any|event:any|stock:normal] model=muse-glimmer-30b-q3
Sep 06, 2026 1:31:46 PM club.podlodka.snowball.application.PromotionEvaluator evaluate
INFO: evaluated scenario_id=SCN-20111026-LONDON_CENTRAL-COLA15 regret=0.00 learning=disabled
Sep 06, 2026 1:31:46 PM club.podlodka.snowball.application.SimulationService simulate
INFO: simulated scenario_id=SCN-20111026-LONDON_CENTRAL-COLA15 decision_id=DEC-SCN-20111026-LONDON_CENTRAL-COLA15 outcome_id=OUT-DEC-SCN-20111026-LONDON_CENTRAL-COLA15 discount=10 units=17 profit=13.26
Sep 06, 2026 1:31:46 PM club.podlodka.snowball.application.PromotionDecisionService decide
INFO: scenario_id=SCN-20111026-LONDON_CENTRAL-COLA15 decision_id=DEC-SCN-20111026-LONDON_CENTRAL-COLA15 discount=10 source=MODEL memory=USED lessons=[sku:COLA15|store:any|weekday|normal|event:any|stock:normal, category:soft_drinks|store:any|weekday|normal|event:any|stock:normal] model=muse-glimmer-30b-q3
Sep 06, 2026 1:31:58 PM club.podlodka.snowball.application.PromotionEvaluator evaluate
INFO: evaluated scenario_id=SCN-20111026-LONDON_CENTRAL-YOG500 regret=0.00 learning=disabled
Sep 06, 2026 1:31:58 PM club.podlodka.snowball.application.SimulationService simulate
INFO: simulated scenario_id=SCN-20111026-LONDON_CENTRAL-YOG500 decision_id=DEC-SCN-20111026-LONDON_CENTRAL-YOG500 outcome_id=OUT-DEC-SCN-20111026-LONDON_CENTRAL-YOG500 discount=10 units=14 profit=18.76
Sep 06, 2026 1:31:58 PM club.podlodka.snowball.application.PromotionDecisionService decide
INFO: scenario_id=SCN-20111026-LONDON_CENTRAL-YOG500 decision_id=DEC-SCN-20111026-LONDON_CENTRAL-YOG500 discount=10 source=MODEL memory=USED lessons=[sku:YOG500|store:any|weekday|any|event:any|stock:normal, category:yogurt|store:any|weekday|any|event:any|stock:normal] model=muse-glimmer-30b-q3
Sep 06, 2026 1:32:01 PM club.podlodka.snowball.application.PromotionEvaluator evaluate
INFO: evaluated scenario_id=SCN-20111027-LONDON_CENTRAL-MEAT1 regret=0.00 learning=disabled
Sep 06, 2026 1:32:01 PM club.podlodka.snowball.application.SimulationService simulate
INFO: simulated scenario_id=SCN-20111027-LONDON_CENTRAL-MEAT1 decision_id=DEC-SCN-20111027-LONDON_CENTRAL-MEAT1 outcome_id=OUT-DEC-SCN-20111027-LONDON_CENTRAL-MEAT1 discount=0 units=10 profit=8.90
Sep 06, 2026 1:32:01 PM club.podlodka.snowball.application.PromotionDecisionService decide
INFO: scenario_id=SCN-20111027-LONDON_CENTRAL-MEAT1 decision_id=DEC-SCN-20111027-LONDON_CENTRAL-MEAT1 discount=0 source=MODEL memory=USED lessons=[sku:MEAT1|store:any|weekday|normal|event:any|stock:normal, category:meat|store:any|weekday|normal|event:any|stock:normal] model=muse-glimmer-30b-q3
Sep 06, 2026 1:32:03 PM club.podlodka.snowball.application.PromotionEvaluator evaluate
INFO: evaluated scenario_id=SCN-20111028-LONDON_CENTRAL-BEER6 regret=0.24 learning=disabled
Sep 06, 2026 1:32:03 PM club.podlodka.snowball.application.SimulationService simulate
INFO: simulated scenario_id=SCN-20111028-LONDON_CENTRAL-BEER6 decision_id=DEC-SCN-20111028-LONDON_CENTRAL-BEER6 outcome_id=OUT-DEC-SCN-20111028-LONDON_CENTRAL-BEER6 discount=0 units=12 profit=15.96
Sep 06, 2026 1:32:03 PM club.podlodka.snowball.application.PromotionDecisionService decide
INFO: scenario_id=SCN-20111028-LONDON_CENTRAL-BEER6 decision_id=DEC-SCN-20111028-LONDON_CENTRAL-BEER6 discount=0 source=MODEL memory=USED lessons=[sku:BEER6|store:any|weekday|normal|event:any|stock:normal, category:beer|store:any|weekday|normal|event:any|stock:normal] model=muse-glimmer-30b-q3
Sep 06, 2026 1:32:08 PM club.podlodka.snowball.application.PromotionEvaluator evaluate
INFO: evaluated scenario_id=SCN-20111028-LONDON_CENTRAL-CHIPS1 regret=1.44 learning=disabled
Sep 06, 2026 1:32:08 PM club.podlodka.snowball.application.SimulationService simulate
INFO: simulated scenario_id=SCN-20111028-LONDON_CENTRAL-CHIPS1 decision_id=DEC-SCN-20111028-LONDON_CENTRAL-CHIPS1 outcome_id=OUT-DEC-SCN-20111028-LONDON_CENTRAL-CHIPS1 discount=30 units=40 profit=42.40
Sep 06, 2026 1:32:08 PM club.podlodka.snowball.application.PromotionDecisionService decide
INFO: scenario_id=SCN-20111028-LONDON_CENTRAL-CHIPS1 decision_id=DEC-SCN-20111028-LONDON_CENTRAL-CHIPS1 discount=30 source=MODEL memory=USED lessons=[sku:CHIPS1|store:any|weekday|hot|event:any|stock:high, category:chips|store:any|weekday|hot|event:any|stock:high] model=muse-glimmer-30b-q3
Sep 06, 2026 1:32:11 PM club.podlodka.snowball.application.PromotionEvaluator evaluate
INFO: evaluated scenario_id=SCN-20111030-LONDON_CENTRAL-COLA15 regret=1.89 learning=disabled
Sep 06, 2026 1:32:11 PM club.podlodka.snowball.application.SimulationService simulate
INFO: simulated scenario_id=SCN-20111030-LONDON_CENTRAL-COLA15 decision_id=DEC-SCN-20111030-LONDON_CENTRAL-COLA15 outcome_id=OUT-DEC-SCN-20111030-LONDON_CENTRAL-COLA15 discount=30 units=33 profit=14.85
Sep 06, 2026 1:32:11 PM club.podlodka.snowball.application.PromotionDecisionService decide
INFO: scenario_id=SCN-20111030-LONDON_CENTRAL-COLA15 decision_id=DEC-SCN-20111030-LONDON_CENTRAL-COLA15 discount=30 source=MODEL memory=USED lessons=[sku:COLA15|store:any|weekend|normal|event:any|stock:high, category:soft_drinks|store:any|weekend|normal|event:any|stock:high] model=muse-glimmer-30b-q3
Sep 06, 2026 1:32:20 PM club.podlodka.snowball.application.PromotionEvaluator evaluate
INFO: evaluated scenario_id=SCN-20111031-LONDON_CENTRAL-ICE500 regret=5.24 learning=disabled
Sep 06, 2026 1:32:20 PM club.podlodka.snowball.application.SimulationService simulate
INFO: simulated scenario_id=SCN-20111031-LONDON_CENTRAL-ICE500 decision_id=DEC-SCN-20111031-LONDON_CENTRAL-ICE500 outcome_id=OUT-DEC-SCN-20111031-LONDON_CENTRAL-ICE500 discount=30 units=52 profit=31.72
Sep 06, 2026 1:32:20 PM club.podlodka.snowball.application.PromotionDecisionService decide
INFO: scenario_id=SCN-20111031-LONDON_CENTRAL-ICE500 decision_id=DEC-SCN-20111031-LONDON_CENTRAL-ICE500 discount=30 source=MODEL memory=USED lessons=[sku:ICE500|store:any|weekday|hot|event:any|stock:high, category:ice_cream|store:any|weekday|hot|event:any|stock:high] model=muse-glimmer-30b-q3
Sep 06, 2026 1:32:23 PM club.podlodka.snowball.application.PromotionEvaluator evaluate
INFO: evaluated scenario_id=SCN-20111103-LONDON_CENTRAL-COLA15 regret=0.00 learning=disabled
Sep 06, 2026 1:32:23 PM club.podlodka.snowball.application.SimulationService simulate
INFO: simulated scenario_id=SCN-20111103-LONDON_CENTRAL-COLA15 decision_id=DEC-SCN-20111103-LONDON_CENTRAL-COLA15 outcome_id=OUT-DEC-SCN-20111103-LONDON_CENTRAL-COLA15 discount=10 units=23 profit=17.94
Sep 06, 2026 1:32:23 PM club.podlodka.snowball.application.PromotionDecisionService decide
INFO: scenario_id=SCN-20111103-LONDON_CENTRAL-COLA15 decision_id=DEC-SCN-20111103-LONDON_CENTRAL-COLA15 discount=10 source=MODEL memory=USED lessons=[sku:COLA15|store:any|weekday|normal|event:any|stock:normal, category:soft_drinks|store:any|weekday|normal|event:any|stock:normal] model=muse-glimmer-30b-q3
Sep 06, 2026 1:32:37 PM club.podlodka.snowball.application.PromotionEvaluator evaluate
INFO: evaluated scenario_id=SCN-20111104-LONDON_CENTRAL-ICE500 regret=5.43 learning=disabled
Sep 06, 2026 1:32:37 PM club.podlodka.snowball.application.SimulationService simulate
INFO: simulated scenario_id=SCN-20111104-LONDON_CENTRAL-ICE500 decision_id=DEC-SCN-20111104-LONDON_CENTRAL-ICE500 outcome_id=OUT-DEC-SCN-20111104-LONDON_CENTRAL-ICE500 discount=30 units=58 profit=35.38
Sep 06, 2026 1:32:37 PM club.podlodka.snowball.application.PromotionDecisionService decide
INFO: scenario_id=SCN-20111104-LONDON_CENTRAL-ICE500 decision_id=DEC-SCN-20111104-LONDON_CENTRAL-ICE500 discount=30 source=MODEL memory=USED lessons=[sku:ICE500|store:any|weekday|hot|event:any|stock:high, category:ice_cream|store:any|weekday|hot|event:any|stock:high] model=muse-glimmer-30b-q3
Sep 06, 2026 1:32:42 PM club.podlodka.snowball.application.PromotionEvaluator evaluate
INFO: evaluated scenario_id=SCN-20111105-LONDON_CENTRAL-YOG500 regret=0.28 learning=disabled
Sep 06, 2026 1:32:42 PM club.podlodka.snowball.application.SimulationService simulate
INFO: simulated scenario_id=SCN-20111105-LONDON_CENTRAL-YOG500 decision_id=DEC-SCN-20111105-LONDON_CENTRAL-YOG500 outcome_id=OUT-DEC-SCN-20111105-LONDON_CENTRAL-YOG500 discount=0 units=11 profit=18.48
Sep 06, 2026 1:32:42 PM club.podlodka.snowball.application.PromotionDecisionService decide
INFO: scenario_id=SCN-20111105-LONDON_CENTRAL-YOG500 decision_id=DEC-SCN-20111105-LONDON_CENTRAL-YOG500 discount=0 source=MODEL memory=USED lessons=[sku:YOG500|store:any|weekend|any|event:any|stock:high, category:yogurt|store:any|weekend|any|event:any|stock:high] model=muse-glimmer-30b-q3
Sep 06, 2026 1:32:46 PM club.podlodka.snowball.application.PromotionEvaluator evaluate
INFO: evaluated scenario_id=SCN-20111106-LONDON_CENTRAL-CHIPS1 regret=2.68 learning=disabled
Sep 06, 2026 1:32:46 PM club.podlodka.snowball.application.SimulationService simulate
INFO: simulated scenario_id=SCN-20111106-LONDON_CENTRAL-CHIPS1 decision_id=DEC-SCN-20111106-LONDON_CENTRAL-CHIPS1 outcome_id=OUT-DEC-SCN-20111106-LONDON_CENTRAL-CHIPS1 discount=30 units=44 profit=46.64
Sep 06, 2026 1:32:46 PM club.podlodka.snowball.application.PromotionDecisionService decide
INFO: scenario_id=SCN-20111106-LONDON_CENTRAL-CHIPS1 decision_id=DEC-SCN-20111106-LONDON_CENTRAL-CHIPS1 discount=30 source=MODEL memory=USED lessons=[sku:CHIPS1|store:any|weekend|normal|event:any|stock:high, category:chips|store:any|weekend|normal|event:any|stock:high] model=muse-glimmer-30b-q3
Sep 06, 2026 1:33:05 PM club.podlodka.snowball.application.PromotionEvaluator evaluate
INFO: evaluated scenario_id=SCN-20111108-LONDON_CENTRAL-BEER6 regret=1.20 learning=disabled
Sep 06, 2026 1:33:05 PM club.podlodka.snowball.application.SimulationService simulate
INFO: simulated scenario_id=SCN-20111108-LONDON_CENTRAL-BEER6 decision_id=DEC-SCN-20111108-LONDON_CENTRAL-BEER6 outcome_id=OUT-DEC-SCN-20111108-LONDON_CENTRAL-BEER6 discount=0 units=13 profit=17.16
Sep 06, 2026 1:33:05 PM club.podlodka.snowball.application.PromotionDecisionService decide
INFO: scenario_id=SCN-20111108-LONDON_CENTRAL-BEER6 decision_id=DEC-SCN-20111108-LONDON_CENTRAL-BEER6 discount=0 source=MODEL memory=USED lessons=[sku:BEER6|store:any|weekday|any|event:any|stock:normal, category:beer|store:any|weekday|any|event:any|stock:normal] model=muse-glimmer-30b-q3
Sep 06, 2026 1:33:10 PM club.podlodka.snowball.application.PromotionEvaluator evaluate
INFO: evaluated scenario_id=SCN-20111109-LONDON_CENTRAL-MEAT1 regret=0.00 learning=disabled
Sep 06, 2026 1:33:10 PM club.podlodka.snowball.application.SimulationService simulate
INFO: simulated scenario_id=SCN-20111109-LONDON_CENTRAL-MEAT1 decision_id=DEC-SCN-20111109-LONDON_CENTRAL-MEAT1 outcome_id=OUT-DEC-SCN-20111109-LONDON_CENTRAL-MEAT1 discount=0 units=10 profit=8.20
Sep 06, 2026 1:33:10 PM club.podlodka.snowball.application.PromotionDecisionService decide
INFO: scenario_id=SCN-20111109-LONDON_CENTRAL-MEAT1 decision_id=DEC-SCN-20111109-LONDON_CENTRAL-MEAT1 discount=0 source=MODEL memory=USED lessons=[sku:MEAT1|store:any|weekday|hot|event:any|stock:normal, category:meat|store:any|weekday|hot|event:any|stock:normal] model=muse-glimmer-30b-q3
Sep 06, 2026 1:33:14 PM club.podlodka.snowball.application.PromotionEvaluator evaluate
INFO: evaluated scenario_id=SCN-20111111-LONDON_CENTRAL-CHIPS1 regret=4.76 learning=disabled
Sep 06, 2026 1:33:14 PM club.podlodka.snowball.application.SimulationService simulate
INFO: simulated scenario_id=SCN-20111111-LONDON_CENTRAL-CHIPS1 decision_id=DEC-SCN-20111111-LONDON_CENTRAL-CHIPS1 outcome_id=OUT-DEC-SCN-20111111-LONDON_CENTRAL-CHIPS1 discount=30 units=48 profit=46.08
Sep 06, 2026 1:33:14 PM club.podlodka.snowball.application.PromotionDecisionService decide
INFO: scenario_id=SCN-20111111-LONDON_CENTRAL-CHIPS1 decision_id=DEC-SCN-20111111-LONDON_CENTRAL-CHIPS1 discount=30 source=MODEL memory=USED lessons=[sku:CHIPS1|store:any|weekday|hot|event:any|stock:high, category:chips|store:any|weekday|hot|event:any|stock:high] model=muse-glimmer-30b-q3
Sep 06, 2026 1:33:17 PM club.podlodka.snowball.application.PromotionEvaluator evaluate
INFO: evaluated scenario_id=SCN-20111112-LONDON_CENTRAL-ICE500 regret=5.44 learning=disabled
Sep 06, 2026 1:33:17 PM club.podlodka.snowball.application.SimulationService simulate
INFO: simulated scenario_id=SCN-20111112-LONDON_CENTRAL-ICE500 decision_id=DEC-SCN-20111112-LONDON_CENTRAL-ICE500 outcome_id=OUT-DEC-SCN-20111112-LONDON_CENTRAL-ICE500 discount=10 units=34 profit=31.96
Sep 06, 2026 1:33:17 PM club.podlodka.snowball.application.PromotionDecisionService decide
INFO: scenario_id=SCN-20111112-LONDON_CENTRAL-ICE500 decision_id=DEC-SCN-20111112-LONDON_CENTRAL-ICE500 discount=10 source=MODEL memory=USED lessons=[sku:ICE500|store:any|weekend|any|event:any|stock:normal, category:ice_cream|store:any|weekend|any|event:any|stock:normal] model=muse-glimmer-30b-q3
Sep 06, 2026 1:33:22 PM club.podlodka.snowball.application.PromotionEvaluator evaluate
INFO: evaluated scenario_id=SCN-20111113-LONDON_CENTRAL-YOG500 regret=0.64 learning=disabled
Sep 06, 2026 1:33:22 PM club.podlodka.snowball.application.SimulationService simulate
INFO: simulated scenario_id=SCN-20111113-LONDON_CENTRAL-YOG500 decision_id=DEC-SCN-20111113-LONDON_CENTRAL-YOG500 outcome_id=OUT-DEC-SCN-20111113-LONDON_CENTRAL-YOG500 discount=0 units=10 profit=16.00
Sep 06, 2026 1:33:22 PM club.podlodka.snowball.application.PromotionDecisionService decide
INFO: scenario_id=SCN-20111113-LONDON_CENTRAL-YOG500 decision_id=DEC-SCN-20111113-LONDON_CENTRAL-YOG500 discount=0 source=MODEL memory=USED lessons=[sku:YOG500|store:any|weekend|any|event:any|stock:normal, category:yogurt|store:any|weekend|any|event:any|stock:normal] model=muse-glimmer-30b-q3
Sep 06, 2026 1:33:25 PM club.podlodka.snowball.application.PromotionEvaluator evaluate
INFO: evaluated scenario_id=SCN-20111115-LONDON_CENTRAL-COLA15 regret=1.08 learning=disabled
Sep 06, 2026 1:33:25 PM club.podlodka.snowball.application.SimulationService simulate
INFO: simulated scenario_id=SCN-20111115-LONDON_CENTRAL-COLA15 decision_id=DEC-SCN-20111115-LONDON_CENTRAL-COLA15 outcome_id=OUT-DEC-SCN-20111115-LONDON_CENTRAL-COLA15 discount=0 units=16 profit=15.04
Sep 06, 2026 1:33:25 PM club.podlodka.snowball.application.PromotionDecisionService decide
INFO: scenario_id=SCN-20111115-LONDON_CENTRAL-COLA15 decision_id=DEC-SCN-20111115-LONDON_CENTRAL-COLA15 discount=0 source=MODEL memory=USED lessons=[sku:COLA15|store:any|weekday|normal|event:any|stock:high, category:soft_drinks|store:any|weekday|normal|event:any|stock:high] model=muse-glimmer-30b-q3
Sep 06, 2026 1:33:39 PM club.podlodka.snowball.application.PromotionEvaluator evaluate
INFO: evaluated scenario_id=SCN-20111118-LONDON_CENTRAL-MEAT1 regret=0.00 learning=disabled
Sep 06, 2026 1:33:39 PM club.podlodka.snowball.application.SimulationService simulate
INFO: simulated scenario_id=SCN-20111118-LONDON_CENTRAL-MEAT1 decision_id=DEC-SCN-20111118-LONDON_CENTRAL-MEAT1 outcome_id=OUT-DEC-SCN-20111118-LONDON_CENTRAL-MEAT1 discount=0 units=9 profit=6.84
Sep 06, 2026 1:33:39 PM club.podlodka.snowball.application.PromotionDecisionService decide
INFO: scenario_id=SCN-20111118-LONDON_CENTRAL-MEAT1 decision_id=DEC-SCN-20111118-LONDON_CENTRAL-MEAT1 discount=0 source=MODEL memory=USED lessons=[sku:MEAT1|store:any|weekday|any|event:any|stock:high, category:meat|store:any|weekday|any|event:any|stock:high] model=muse-glimmer-30b-q3
Sep 06, 2026 1:33:44 PM club.podlodka.snowball.application.PromotionEvaluator evaluate
INFO: evaluated scenario_id=SCN-20111119-LONDON_CENTRAL-YOG500 regret=0.70 learning=disabled
Sep 06, 2026 1:33:44 PM club.podlodka.snowball.application.SimulationService simulate
INFO: simulated scenario_id=SCN-20111119-LONDON_CENTRAL-YOG500 decision_id=DEC-SCN-20111119-LONDON_CENTRAL-YOG500 outcome_id=OUT-DEC-SCN-20111119-LONDON_CENTRAL-YOG500 discount=0 units=10 profit=16.20
Sep 06, 2026 1:33:44 PM club.podlodka.snowball.application.PromotionDecisionService decide
INFO: scenario_id=SCN-20111119-LONDON_CENTRAL-YOG500 decision_id=DEC-SCN-20111119-LONDON_CENTRAL-YOG500 discount=0 source=MODEL memory=USED lessons=[sku:YOG500|store:any|weekend|any|event:any|stock:normal, category:yogurt|store:any|weekend|any|event:any|stock:normal] model=muse-glimmer-30b-q3
Sep 06, 2026 1:33:55 PM club.podlodka.snowball.application.PromotionEvaluator evaluate
INFO: evaluated scenario_id=SCN-20111121-LONDON_CENTRAL-ICE500 regret=0.00 learning=disabled
Sep 06, 2026 1:33:55 PM club.podlodka.snowball.application.SimulationService simulate
INFO: simulated scenario_id=SCN-20111121-LONDON_CENTRAL-ICE500 decision_id=DEC-SCN-20111121-LONDON_CENTRAL-ICE500 outcome_id=OUT-DEC-SCN-20111121-LONDON_CENTRAL-ICE500 discount=10 units=32 profit=30.08
Sep 06, 2026 1:33:55 PM club.podlodka.snowball.application.PromotionDecisionService decide
INFO: scenario_id=SCN-20111121-LONDON_CENTRAL-ICE500 decision_id=DEC-SCN-20111121-LONDON_CENTRAL-ICE500 discount=10 source=MODEL memory=USED lessons=[sku:ICE500|store:any|weekday|normal|event:any|stock:normal, category:ice_cream|store:any|weekday|normal|event:any|stock:normal] model=muse-glimmer-30b-q3
Sep 06, 2026 1:34:01 PM club.podlodka.snowball.application.PromotionEvaluator evaluate
INFO: evaluated scenario_id=SCN-20111122-LONDON_CENTRAL-COLA15 regret=1.28 learning=disabled
Sep 06, 2026 1:34:01 PM club.podlodka.snowball.application.SimulationService simulate
INFO: simulated scenario_id=SCN-20111122-LONDON_CENTRAL-COLA15 decision_id=DEC-SCN-20111122-LONDON_CENTRAL-COLA15 outcome_id=OUT-DEC-SCN-20111122-LONDON_CENTRAL-COLA15 discount=30 units=35 profit=16.10
Sep 06, 2026 1:34:01 PM club.podlodka.snowball.application.PromotionDecisionService decide
INFO: scenario_id=SCN-20111122-LONDON_CENTRAL-COLA15 decision_id=DEC-SCN-20111122-LONDON_CENTRAL-COLA15 discount=30 source=MODEL memory=USED lessons=[sku:COLA15|store:any|weekday|rain|event:any|stock:high, category:soft_drinks|store:any|weekday|rain|event:any|stock:high] model=muse-glimmer-30b-q3
Sep 06, 2026 1:34:05 PM club.podlodka.snowball.application.PromotionEvaluator evaluate
INFO: evaluated scenario_id=SCN-20111124-LONDON_CENTRAL-COLA15 regret=1.67 learning=disabled
Sep 06, 2026 1:34:05 PM club.podlodka.snowball.application.SimulationService simulate
INFO: simulated scenario_id=SCN-20111124-LONDON_CENTRAL-COLA15 decision_id=DEC-SCN-20111124-LONDON_CENTRAL-COLA15 outcome_id=OUT-DEC-SCN-20111124-LONDON_CENTRAL-COLA15 discount=30 units=39 profit=17.55
Sep 06, 2026 1:34:05 PM club.podlodka.snowball.application.PromotionDecisionService decide
INFO: scenario_id=SCN-20111124-LONDON_CENTRAL-COLA15 decision_id=DEC-SCN-20111124-LONDON_CENTRAL-COLA15 discount=30 source=MODEL memory=USED lessons=[sku:COLA15|store:any|weekday|any|event:any|stock:high, category:soft_drinks|store:any|weekday|any|event:any|stock:high] model=muse-glimmer-30b-q3
Sep 06, 2026 1:34:17 PM club.podlodka.snowball.application.PromotionEvaluator evaluate
INFO: evaluated scenario_id=SCN-20111125-LONDON_CENTRAL-ICE500 regret=4.66 learning=disabled
Sep 06, 2026 1:34:17 PM club.podlodka.snowball.application.SimulationService simulate
INFO: simulated scenario_id=SCN-20111125-LONDON_CENTRAL-ICE500 decision_id=DEC-SCN-20111125-LONDON_CENTRAL-ICE500 outcome_id=OUT-DEC-SCN-20111125-LONDON_CENTRAL-ICE500 discount=30 units=58 profit=35.38
Sep 06, 2026 1:34:17 PM club.podlodka.snowball.application.PromotionDecisionService decide
INFO: scenario_id=SCN-20111125-LONDON_CENTRAL-ICE500 decision_id=DEC-SCN-20111125-LONDON_CENTRAL-ICE500 discount=30 source=MODEL memory=USED lessons=[sku:ICE500|store:any|weekday|hot|event:any|stock:high, category:ice_cream|store:any|weekday|hot|event:any|stock:high] model=muse-glimmer-30b-q3
Sep 06, 2026 1:34:20 PM club.podlodka.snowball.application.PromotionEvaluator evaluate
INFO: evaluated scenario_id=SCN-20111126-LONDON_CENTRAL-MEAT1 regret=0.00 learning=disabled
Sep 06, 2026 1:34:20 PM club.podlodka.snowball.application.SimulationService simulate
INFO: simulated scenario_id=SCN-20111126-LONDON_CENTRAL-MEAT1 decision_id=DEC-SCN-20111126-LONDON_CENTRAL-MEAT1 outcome_id=OUT-DEC-SCN-20111126-LONDON_CENTRAL-MEAT1 discount=0 units=11 profit=9.24
Sep 06, 2026 1:34:20 PM club.podlodka.snowball.application.PromotionDecisionService decide
INFO: scenario_id=SCN-20111126-LONDON_CENTRAL-MEAT1 decision_id=DEC-SCN-20111126-LONDON_CENTRAL-MEAT1 discount=0 source=MODEL memory=USED lessons=[sku:MEAT1|store:any|weekend|any|event:any|stock:normal, category:meat|store:any|weekend|any|event:any|stock:normal] model=muse-glimmer-30b-q3
Sep 06, 2026 1:34:32 PM club.podlodka.snowball.application.PromotionEvaluator evaluate
INFO: evaluated scenario_id=SCN-20111129-LONDON_CENTRAL-YOG500 regret=0.00 learning=disabled
Sep 06, 2026 1:34:32 PM club.podlodka.snowball.application.SimulationService simulate
INFO: simulated scenario_id=SCN-20111129-LONDON_CENTRAL-YOG500 decision_id=DEC-SCN-20111129-LONDON_CENTRAL-YOG500 outcome_id=OUT-DEC-SCN-20111129-LONDON_CENTRAL-YOG500 discount=10 units=13 profit=16.51
Sep 06, 2026 1:34:32 PM club.podlodka.snowball.application.PromotionDecisionService decide
INFO: scenario_id=SCN-20111129-LONDON_CENTRAL-YOG500 decision_id=DEC-SCN-20111129-LONDON_CENTRAL-YOG500 discount=10 source=MODEL memory=USED lessons=[sku:YOG500|store:any|weekday|normal|event:any|stock:high, category:yogurt|store:any|weekday|normal|event:any|stock:high] model=muse-glimmer-30b-q3
Sep 06, 2026 1:34:34 PM club.podlodka.snowball.application.PromotionEvaluator evaluate
INFO: evaluated scenario_id=SCN-20111205-LONDON_CENTRAL-COLA15 regret=0.00 learning=disabled
Sep 06, 2026 1:34:34 PM club.podlodka.snowball.application.SimulationService simulate
INFO: simulated scenario_id=SCN-20111205-LONDON_CENTRAL-COLA15 decision_id=DEC-SCN-20111205-LONDON_CENTRAL-COLA15 outcome_id=OUT-DEC-SCN-20111205-LONDON_CENTRAL-COLA15 discount=10 units=25 profit=19.50
Sep 06, 2026 1:34:34 PM club.podlodka.snowball.application.PromotionDecisionService decide
INFO: scenario_id=SCN-20111205-LONDON_CENTRAL-COLA15 decision_id=DEC-SCN-20111205-LONDON_CENTRAL-COLA15 discount=10 source=MODEL memory=USED lessons=[sku:COLA15|store:any|weekday|normal|event:any|stock:normal, category:soft_drinks|store:any|weekday|normal|event:any|stock:normal] model=muse-glimmer-30b-q3
Sep 06, 2026 1:34:42 PM club.podlodka.snowball.application.PromotionEvaluator evaluate
INFO: evaluated scenario_id=SCN-20111205-LONDON_CENTRAL-ICE500 regret=10.20 learning=disabled
Sep 06, 2026 1:34:42 PM club.podlodka.snowball.application.SimulationService simulate
INFO: simulated scenario_id=SCN-20111205-LONDON_CENTRAL-ICE500 decision_id=DEC-SCN-20111205-LONDON_CENTRAL-ICE500 outcome_id=OUT-DEC-SCN-20111205-LONDON_CENTRAL-ICE500 discount=30 units=60 profit=36.60
Sep 06, 2026 1:34:42 PM club.podlodka.snowball.application.PromotionDecisionService decide
INFO: scenario_id=SCN-20111205-LONDON_CENTRAL-ICE500 decision_id=DEC-SCN-20111205-LONDON_CENTRAL-ICE500 discount=30 source=MODEL memory=USED lessons=[sku:ICE500|store:any|weekday|hot|event:any|stock:high, category:ice_cream|store:any|weekday|hot|event:any|stock:high] model=muse-glimmer-30b-q3
Sep 06, 2026 1:34:45 PM club.podlodka.snowball.application.PromotionEvaluator evaluate
INFO: evaluated scenario_id=SCN-20111207-LONDON_CENTRAL-CHIPS1 regret=0.00 learning=disabled
Sep 06, 2026 1:34:45 PM club.podlodka.snowball.application.SimulationService simulate
INFO: simulated scenario_id=SCN-20111207-LONDON_CENTRAL-CHIPS1 decision_id=DEC-SCN-20111207-LONDON_CENTRAL-CHIPS1 outcome_id=OUT-DEC-SCN-20111207-LONDON_CENTRAL-CHIPS1 discount=10 units=32 profit=52.16
Sep 06, 2026 1:34:45 PM club.podlodka.snowball.application.PromotionDecisionService decide
INFO: scenario_id=SCN-20111207-LONDON_CENTRAL-CHIPS1 decision_id=DEC-SCN-20111207-LONDON_CENTRAL-CHIPS1 discount=10 source=MODEL memory=USED lessons=[sku:CHIPS1|store:any|weekday|hot|event:any|stock:normal, category:chips|store:any|weekday|hot|event:any|stock:normal] model=muse-glimmer-30b-q3
Sep 06, 2026 1:34:57 PM club.podlodka.snowball.application.PromotionEvaluator evaluate
INFO: evaluated scenario_id=SCN-20111210-LONDON_CENTRAL-BEER6 regret=0.00 learning=disabled
Sep 06, 2026 1:34:57 PM club.podlodka.snowball.application.SimulationService simulate
INFO: simulated scenario_id=SCN-20111210-LONDON_CENTRAL-BEER6 decision_id=DEC-SCN-20111210-LONDON_CENTRAL-BEER6 outcome_id=OUT-DEC-SCN-20111210-LONDON_CENTRAL-BEER6 discount=20 units=29 profit=24.36
Sep 06, 2026 1:34:57 PM club.podlodka.snowball.application.PromotionDecisionService decide
INFO: scenario_id=SCN-20111210-LONDON_CENTRAL-BEER6 decision_id=DEC-SCN-20111210-LONDON_CENTRAL-BEER6 discount=20 source=MODEL memory=USED lessons=[sku:BEER6|store:any|weekend|any|event:any|stock:high, category:beer|store:any|weekend|any|event:any|stock:high] model=muse-glimmer-30b-q3
Sep 06, 2026 1:35:09 PM club.podlodka.snowball.application.PromotionEvaluator evaluate
INFO: evaluated scenario_id=SCN-20111212-LONDON_CENTRAL-MEAT1 regret=0.00 learning=disabled
Sep 06, 2026 1:35:09 PM club.podlodka.snowball.application.SimulationService simulate
INFO: simulated scenario_id=SCN-20111212-LONDON_CENTRAL-MEAT1 decision_id=DEC-SCN-20111212-LONDON_CENTRAL-MEAT1 outcome_id=OUT-DEC-SCN-20111212-LONDON_CENTRAL-MEAT1 discount=0 units=12 profit=9.96
Sep 06, 2026 1:35:09 PM club.podlodka.snowball.application.PromotionDecisionService decide
INFO: scenario_id=SCN-20111212-LONDON_CENTRAL-MEAT1 decision_id=DEC-SCN-20111212-LONDON_CENTRAL-MEAT1 discount=0 source=MODEL memory=USED lessons=[sku:MEAT1|store:any|weekday|any|event:any|stock:normal, category:meat|store:any|weekday|any|event:any|stock:normal] model=muse-glimmer-30b-q3
Sep 06, 2026 1:35:16 PM club.podlodka.snowball.application.PromotionEvaluator evaluate
INFO: evaluated scenario_id=SCN-20111213-LONDON_CENTRAL-CHIPS1 regret=1.18 learning=disabled
Sep 06, 2026 1:35:16 PM club.podlodka.snowball.application.SimulationService simulate
INFO: simulated scenario_id=SCN-20111213-LONDON_CENTRAL-CHIPS1 decision_id=DEC-SCN-20111213-LONDON_CENTRAL-CHIPS1 outcome_id=OUT-DEC-SCN-20111213-LONDON_CENTRAL-CHIPS1 discount=30 units=43 profit=44.72
Sep 06, 2026 1:35:16 PM club.podlodka.snowball.application.PromotionDecisionService decide
INFO: scenario_id=SCN-20111213-LONDON_CENTRAL-CHIPS1 decision_id=DEC-SCN-20111213-LONDON_CENTRAL-CHIPS1 discount=30 source=MODEL memory=USED lessons=[sku:CHIPS1|store:any|weekday|rain|event:any|stock:high, category:chips|store:any|weekday|rain|event:any|stock:high] model=muse-glimmer-30b-q3
Sep 06, 2026 1:35:19 PM club.podlodka.snowball.application.PromotionEvaluator evaluate
INFO: evaluated scenario_id=SCN-20111213-LONDON_CENTRAL-ICE500 regret=0.00 learning=disabled
Sep 06, 2026 1:35:19 PM club.podlodka.snowball.application.SimulationService simulate
INFO: simulated scenario_id=SCN-20111213-LONDON_CENTRAL-ICE500 decision_id=DEC-SCN-20111213-LONDON_CENTRAL-ICE500 outcome_id=OUT-DEC-SCN-20111213-LONDON_CENTRAL-ICE500 discount=10 units=35 profit=32.90
Sep 06, 2026 1:35:19 PM club.podlodka.snowball.application.PromotionDecisionService decide
INFO: scenario_id=SCN-20111213-LONDON_CENTRAL-ICE500 decision_id=DEC-SCN-20111213-LONDON_CENTRAL-ICE500 discount=10 source=MODEL memory=USED lessons=[sku:ICE500|store:any|weekday|normal|event:any|stock:normal, category:ice_cream|store:any|weekday|normal|event:any|stock:normal] model=muse-glimmer-30b-q3
Sep 06, 2026 1:35:22 PM club.podlodka.snowball.application.PromotionEvaluator evaluate
INFO: evaluated scenario_id=SCN-20111214-LONDON_CENTRAL-COLA15 regret=0.00 learning=disabled
Sep 06, 2026 1:35:22 PM club.podlodka.snowball.application.SimulationService simulate
INFO: simulated scenario_id=SCN-20111214-LONDON_CENTRAL-COLA15 decision_id=DEC-SCN-20111214-LONDON_CENTRAL-COLA15 outcome_id=OUT-DEC-SCN-20111214-LONDON_CENTRAL-COLA15 discount=10 units=25 profit=19.50
Sep 06, 2026 1:35:22 PM club.podlodka.snowball.application.PromotionDecisionService decide
INFO: scenario_id=SCN-20111214-LONDON_CENTRAL-COLA15 decision_id=DEC-SCN-20111214-LONDON_CENTRAL-COLA15 discount=10 source=MODEL memory=USED lessons=[sku:COLA15|store:any|weekday|rain|event:any|stock:normal, category:soft_drinks|store:any|weekday|rain|event:any|stock:normal] model=muse-glimmer-30b-q3
Sep 06, 2026 1:35:34 PM club.podlodka.snowball.application.PromotionEvaluator evaluate
INFO: evaluated scenario_id=SCN-20111215-LONDON_CENTRAL-BEER6 regret=0.30 learning=disabled
Sep 06, 2026 1:35:34 PM club.podlodka.snowball.application.SimulationService simulate
INFO: simulated scenario_id=SCN-20111215-LONDON_CENTRAL-BEER6 decision_id=DEC-SCN-20111215-LONDON_CENTRAL-BEER6 outcome_id=OUT-DEC-SCN-20111215-LONDON_CENTRAL-BEER6 discount=0 units=12 profit=15.60
Sep 06, 2026 1:35:34 PM club.podlodka.snowball.application.PromotionDecisionService decide
INFO: scenario_id=SCN-20111215-LONDON_CENTRAL-BEER6 decision_id=DEC-SCN-20111215-LONDON_CENTRAL-BEER6 discount=0 source=MODEL memory=USED lessons=[sku:BEER6|store:any|weekday|any|event:any|stock:high, category:beer|store:any|weekday|any|event:any|stock:high] model=muse-glimmer-30b-q3
Sep 06, 2026 1:35:40 PM club.podlodka.snowball.application.PromotionEvaluator evaluate
INFO: evaluated scenario_id=SCN-20111215-LONDON_CENTRAL-COLA15 regret=6.41 learning=disabled
Sep 06, 2026 1:35:40 PM club.podlodka.snowball.application.SimulationService simulate
INFO: simulated scenario_id=SCN-20111215-LONDON_CENTRAL-COLA15 decision_id=DEC-SCN-20111215-LONDON_CENTRAL-COLA15 outcome_id=OUT-DEC-SCN-20111215-LONDON_CENTRAL-COLA15 discount=30 units=45 profit=20.25
Sep 06, 2026 1:35:40 PM club.podlodka.snowball.application.PromotionDecisionService decide
INFO: scenario_id=SCN-20111215-LONDON_CENTRAL-COLA15 decision_id=DEC-SCN-20111215-LONDON_CENTRAL-COLA15 discount=30 source=MODEL memory=USED lessons=[sku:COLA15|store:any|weekday|any|event:any|stock:high, category:soft_drinks|store:any|weekday|any|event:any|stock:high] model=muse-glimmer-30b-q3
Sep 06, 2026 1:35:51 PM club.podlodka.snowball.application.PromotionEvaluator evaluate
INFO: evaluated scenario_id=SCN-20111216-LONDON_CENTRAL-MEAT1 regret=0.00 learning=disabled
Sep 06, 2026 1:35:51 PM club.podlodka.snowball.application.SimulationService simulate
INFO: simulated scenario_id=SCN-20111216-LONDON_CENTRAL-MEAT1 decision_id=DEC-SCN-20111216-LONDON_CENTRAL-MEAT1 outcome_id=OUT-DEC-SCN-20111216-LONDON_CENTRAL-MEAT1 discount=0 units=13 profit=10.66
Sep 06, 2026 1:35:51 PM club.podlodka.snowball.application.PromotionDecisionService decide
INFO: scenario_id=SCN-20111216-LONDON_CENTRAL-MEAT1 decision_id=DEC-SCN-20111216-LONDON_CENTRAL-MEAT1 discount=0 source=MODEL memory=USED lessons=[sku:MEAT1|store:any|weekday|normal|event:any|stock:high, category:meat|store:any|weekday|normal|event:any|stock:high] model=muse-glimmer-30b-q3
Sep 06, 2026 1:36:04 PM club.podlodka.snowball.application.PromotionEvaluator evaluate
INFO: evaluated scenario_id=SCN-20111218-LONDON_CENTRAL-ICE500 regret=0.00 learning=disabled
Sep 06, 2026 1:36:04 PM club.podlodka.snowball.application.SimulationService simulate
INFO: simulated scenario_id=SCN-20111218-LONDON_CENTRAL-ICE500 decision_id=DEC-SCN-20111218-LONDON_CENTRAL-ICE500 outcome_id=OUT-DEC-SCN-20111218-LONDON_CENTRAL-ICE500 discount=10 units=62 profit=57.66
Sep 06, 2026 1:36:04 PM club.podlodka.snowball.application.PromotionDecisionService decide
INFO: scenario_id=SCN-20111218-LONDON_CENTRAL-ICE500 decision_id=DEC-SCN-20111218-LONDON_CENTRAL-ICE500 discount=10 source=MODEL memory=USED lessons=[sku:ICE500|store:any|weekend|any|event:any|stock:high, category:ice_cream|store:any|weekend|any|event:any|stock:high] model=muse-glimmer-30b-q3
Sep 06, 2026 1:36:08 PM club.podlodka.snowball.application.PromotionEvaluator evaluate
INFO: evaluated scenario_id=SCN-20111221-LONDON_CENTRAL-YOG500 regret=0.00 learning=disabled
Sep 06, 2026 1:36:08 PM club.podlodka.snowball.application.SimulationService simulate
INFO: simulated scenario_id=SCN-20111221-LONDON_CENTRAL-YOG500 decision_id=DEC-SCN-20111221-LONDON_CENTRAL-YOG500 outcome_id=OUT-DEC-SCN-20111221-LONDON_CENTRAL-YOG500 discount=10 units=13 profit=17.03
Sep 06, 2026 1:36:08 PM club.podlodka.snowball.application.PromotionDecisionService decide
INFO: scenario_id=SCN-20111221-LONDON_CENTRAL-YOG500 decision_id=DEC-SCN-20111221-LONDON_CENTRAL-YOG500 discount=10 source=MODEL memory=USED lessons=[sku:YOG500|store:any|weekday|any|event:any|stock:normal, category:yogurt|store:any|weekday|any|event:any|stock:normal] model=muse-glimmer-30b-q3
Sep 06, 2026 1:36:12 PM club.podlodka.snowball.application.PromotionEvaluator evaluate
INFO: evaluated scenario_id=SCN-20111225-LONDON_CENTRAL-YOG500 regret=0.00 learning=disabled
Sep 06, 2026 1:36:12 PM club.podlodka.snowball.application.SimulationService simulate
INFO: simulated scenario_id=SCN-20111225-LONDON_CENTRAL-YOG500 decision_id=DEC-SCN-20111225-LONDON_CENTRAL-YOG500 outcome_id=OUT-DEC-SCN-20111225-LONDON_CENTRAL-YOG500 discount=0 units=9 profit=15.21
Sep 06, 2026 1:36:12 PM club.podlodka.snowball.application.PromotionDecisionService decide
INFO: scenario_id=SCN-20111225-LONDON_CENTRAL-YOG500 decision_id=DEC-SCN-20111225-LONDON_CENTRAL-YOG500 discount=0 source=MODEL memory=USED lessons=[sku:YOG500|store:any|weekend|any|event:any|stock:high, category:yogurt|store:any|weekend|any|event:any|stock:high] model=muse-glimmer-30b-q3
Sep 06, 2026 1:36:23 PM club.podlodka.snowball.application.PromotionEvaluator evaluate
INFO: evaluated scenario_id=SCN-20111227-LONDON_CENTRAL-BEER6 regret=0.46 learning=disabled
Sep 06, 2026 1:36:23 PM club.podlodka.snowball.application.SimulationService simulate
INFO: simulated scenario_id=SCN-20111227-LONDON_CENTRAL-BEER6 decision_id=DEC-SCN-20111227-LONDON_CENTRAL-BEER6 outcome_id=OUT-DEC-SCN-20111227-LONDON_CENTRAL-BEER6 discount=0 units=7 profit=9.17
Sep 06, 2026 1:36:23 PM club.podlodka.snowball.application.PromotionDecisionService decide
INFO: scenario_id=SCN-20111227-LONDON_CENTRAL-BEER6 decision_id=DEC-SCN-20111227-LONDON_CENTRAL-BEER6 discount=0 source=MODEL memory=USED lessons=[sku:BEER6|store:any|weekday|rain|event:any|stock:high, category:beer|store:any|weekday|rain|event:any|stock:high] model=muse-glimmer-30b-q3
Sep 06, 2026 1:36:26 PM club.podlodka.snowball.application.PromotionEvaluator evaluate
INFO: evaluated scenario_id=SCN-20111227-LONDON_CENTRAL-MEAT1 regret=0.00 learning=disabled
Sep 06, 2026 1:36:26 PM club.podlodka.snowball.application.SimulationService simulate
INFO: simulated scenario_id=SCN-20111227-LONDON_CENTRAL-MEAT1 decision_id=DEC-SCN-20111227-LONDON_CENTRAL-MEAT1 outcome_id=OUT-DEC-SCN-20111227-LONDON_CENTRAL-MEAT1 discount=0 units=14 profit=10.78
Sep 06, 2026 1:36:26 PM club.podlodka.snowball.application.PromotionDecisionService decide
INFO: scenario_id=SCN-20111227-LONDON_CENTRAL-MEAT1 decision_id=DEC-SCN-20111227-LONDON_CENTRAL-MEAT1 discount=0 source=MODEL memory=USED lessons=[sku:MEAT1|store:any|weekday|normal|event:any|stock:high, category:meat|store:any|weekday|normal|event:any|stock:high] model=muse-glimmer-30b-q3
Sep 06, 2026 1:36:30 PM club.podlodka.snowball.application.PromotionEvaluator evaluate
INFO: evaluated scenario_id=SCN-20111228-LONDON_CENTRAL-COLA15 regret=1.96 learning=disabled
Sep 06, 2026 1:36:30 PM club.podlodka.snowball.application.SimulationService simulate
INFO: simulated scenario_id=SCN-20111228-LONDON_CENTRAL-COLA15 decision_id=DEC-SCN-20111228-LONDON_CENTRAL-COLA15 outcome_id=OUT-DEC-SCN-20111228-LONDON_CENTRAL-COLA15 discount=30 units=48 profit=21.60
Sep 06, 2026 1:36:30 PM club.podlodka.snowball.application.PromotionDecisionService decide
INFO: scenario_id=SCN-20111228-LONDON_CENTRAL-COLA15 decision_id=DEC-SCN-20111228-LONDON_CENTRAL-COLA15 discount=30 source=MODEL memory=USED lessons=[sku:COLA15|store:any|weekday|any|event:any|stock:high, category:soft_drinks|store:any|weekday|any|event:any|stock:high] model=muse-glimmer-30b-q3
Sep 06, 2026 1:36:42 PM club.podlodka.snowball.application.PromotionEvaluator evaluate
INFO: evaluated scenario_id=SCN-20111228-LONDON_CENTRAL-ICE500 regret=0.65 learning=disabled
Sep 06, 2026 1:36:42 PM club.podlodka.snowball.application.SimulationService simulate
INFO: simulated scenario_id=SCN-20111228-LONDON_CENTRAL-ICE500 decision_id=DEC-SCN-20111228-LONDON_CENTRAL-ICE500 outcome_id=OUT-DEC-SCN-20111228-LONDON_CENTRAL-ICE500 discount=30 units=57 profit=34.77
Sep 06, 2026 1:36:42 PM club.podlodka.snowball.application.PromotionDecisionService decide
INFO: scenario_id=SCN-20111228-LONDON_CENTRAL-ICE500 decision_id=DEC-SCN-20111228-LONDON_CENTRAL-ICE500 discount=30 source=MODEL memory=USED lessons=[sku:ICE500|store:any|weekday|normal|event:any|stock:high, category:ice_cream|store:any|weekday|normal|event:any|stock:high] model=muse-glimmer-30b-q3
Sep 06, 2026 1:36:46 PM club.podlodka.snowball.application.PromotionEvaluator evaluate
INFO: evaluated scenario_id=SCN-20111231-LONDON_CENTRAL-COLA15 regret=0.00 learning=disabled
Sep 06, 2026 1:36:46 PM club.podlodka.snowball.application.SimulationService simulate
INFO: simulated scenario_id=SCN-20111231-LONDON_CENTRAL-COLA15 decision_id=DEC-SCN-20111231-LONDON_CENTRAL-COLA15 outcome_id=OUT-DEC-SCN-20111231-LONDON_CENTRAL-COLA15 discount=0 units=23 profit=21.62
Sep 06, 2026 1:36:46 PM club.podlodka.snowball.application.PromotionDecisionService decide
INFO: scenario_id=SCN-20111231-LONDON_CENTRAL-COLA15 decision_id=DEC-SCN-20111231-LONDON_CENTRAL-COLA15 discount=0 source=MODEL memory=USED lessons=[sku:COLA15|store:any|weekend|any|event:any|stock:normal, category:soft_drinks|store:any|weekend|any|event:any|stock:normal] model=muse-glimmer-30b-q3
Sep 06, 2026 1:36:59 PM club.podlodka.snowball.application.PromotionEvaluator evaluate
INFO: evaluated scenario_id=SCN-20111231-LONDON_CENTRAL-ICE500 regret=0.10 learning=disabled
Sep 06, 2026 1:36:59 PM club.podlodka.snowball.application.SimulationService simulate
INFO: simulated scenario_id=SCN-20111231-LONDON_CENTRAL-ICE500 decision_id=DEC-SCN-20111231-LONDON_CENTRAL-ICE500 outcome_id=OUT-DEC-SCN-20111231-LONDON_CENTRAL-ICE500 discount=30 units=68 profit=41.48
Sep 06, 2026 1:36:59 PM club.podlodka.snowball.application.PromotionDecisionService decide
INFO: scenario_id=SCN-20111231-LONDON_CENTRAL-ICE500 decision_id=DEC-SCN-20111231-LONDON_CENTRAL-ICE500 discount=30 source=MODEL memory=USED lessons=[sku:ICE500|store:any|weekend|normal|event:any|stock:high, category:ice_cream|store:any|weekend|normal|event:any|stock:high] model=muse-glimmer-30b-q3
Sep 06, 2026 1:37:12 PM club.podlodka.snowball.application.PromotionEvaluator evaluate
INFO: evaluated scenario_id=SCN-20120102-LONDON_CENTRAL-YOG500 regret=0.00 learning=disabled
Sep 06, 2026 1:37:12 PM club.podlodka.snowball.application.SimulationService simulate
INFO: simulated scenario_id=SCN-20120102-LONDON_CENTRAL-YOG500 decision_id=DEC-SCN-20120102-LONDON_CENTRAL-YOG500 outcome_id=OUT-DEC-SCN-20120102-LONDON_CENTRAL-YOG500 discount=0 units=9 profit=14.85
Sep 06, 2026 1:37:12 PM club.podlodka.snowball.application.PromotionDecisionService decide
INFO: scenario_id=SCN-20120102-LONDON_CENTRAL-YOG500 decision_id=DEC-SCN-20120102-LONDON_CENTRAL-YOG500 discount=0 source=MODEL memory=USED lessons=[sku:YOG500|store:any|weekday|hot|event:any|stock:high, category:yogurt|store:any|weekday|hot|event:any|stock:high] model=muse-glimmer-30b-q3
Sep 06, 2026 1:37:17 PM club.podlodka.snowball.application.PromotionEvaluator evaluate
INFO: evaluated scenario_id=SCN-20120104-LONDON_CENTRAL-MEAT1 regret=0.00 learning=disabled
Sep 06, 2026 1:37:17 PM club.podlodka.snowball.application.SimulationService simulate
INFO: simulated scenario_id=SCN-20120104-LONDON_CENTRAL-MEAT1 decision_id=DEC-SCN-20120104-LONDON_CENTRAL-MEAT1 outcome_id=OUT-DEC-SCN-20120104-LONDON_CENTRAL-MEAT1 discount=0 units=13 profit=9.88
Sep 06, 2026 1:37:17 PM club.podlodka.snowball.application.PromotionDecisionService decide
INFO: scenario_id=SCN-20120104-LONDON_CENTRAL-MEAT1 decision_id=DEC-SCN-20120104-LONDON_CENTRAL-MEAT1 discount=0 source=MODEL memory=USED lessons=[sku:MEAT1|store:any|weekday|hot|event:any|stock:normal, category:meat|store:any|weekday|hot|event:any|stock:normal] model=muse-glimmer-30b-q3
Sep 06, 2026 1:37:17 PM club.podlodka.snowball.application.ScenarioGenerationService generate
INFO: generation cycle completed published=50 rejected=0
scenarios      50
mean regret    1.1978
optimal rate   52.0%
fallbacks      0
elapsed        363s
per scenario   7265ms
learning       off
код возврата: 0
